[00:51:31] [Test worker/INFO]: Registered satellite module: disabled_mod (priority=50)
[00:51:31] [Test worker/INFO]: Registered satellite module: active_mod (priority=10)
[00:51:31] [Test worker/INFO]: Firing lifecycle stage: COMMON_SETUP
[00:51:31] [Test worker/INFO]: Registered satellite module: low_priority (priority=1)
[00:51:31] [Test worker/INFO]: Registered satellite module: high_priority (priority=100)
[00:51:31] [Test worker/INFO]: Registered satellite module: mid_b (priority=50)
[00:51:31] [Test worker/INFO]: Registered satellite module: mid_a (priority=50)
[00:51:31] [Test worker/INFO]: Registered satellite module: faulty_mod (priority=100)
[00:51:31] [Test worker/INFO]: Registered satellite module: survivor_mod (priority=10)
[00:51:31] [Test worker/INFO]: Firing lifecycle stage: COMMON_SETUP
[00:51:31] [Test worker/ERROR]: Error executing lifecycle stage COMMON_SETUP on module 'faulty_mod'
java.lang.IllegalStateException: Intentional test fault in satellite module
	at com.amaro.stellarodyssey.CoreLifecycleAndConstantsTest$FaultySatelliteModule.onCommonSetup(CoreLifecycleAndConstantsTest.java:245)
	at com.amaro.stellarodyssey.core.lifecycle.ModLifecycleManager.fireStage(ModLifecycleManager.java:122)
	at com.amaro.stellarodyssey.CoreLifecycleAndConstantsTest.lambda$testFaultyModuleErrorResilience$0(CoreLifecycleAndConstantsTest.java:148)
	at org.junit.jupiter.api.AssertDoesNotThrow.assertDoesNotThrow(AssertDoesNotThrow.java:49)
	at org.junit.jupiter.api.AssertDoesNotThrow.assertDoesNotThrow(AssertDoesNotThrow.java:40)
	at org.junit.jupiter.api.Assertions.assertDoesNotThrow(Assertions.java:3218)
	at com.amaro.stellarodyssey.CoreLifecycleAndConstantsTest.testFaultyModuleErrorResilience(CoreLifecycleAndConstantsTest.java:148)
	at java.base/jdk.internal.reflect.DirectMethodHandleAccessor.invoke(DirectMethodHandleAccessor.java:104)
	at java.base/java.lang.reflect.Method.invoke(Method.java:565)
	at org.junit.platform.commons.util.ReflectionUtils.invokeMethod(ReflectionUtils.java:767)
	at org.junit.jupiter.engine.execution.MethodInvocation.proceed(MethodInvocation.java:60)
	at org.junit.jupiter.engine.execution.InvocationInterceptorChain$ValidatingInvocation.proceed(InvocationInterceptorChain.java:131)
	at org.junit.jupiter.engine.extension.TimeoutExtension.intercept(TimeoutExtension.java:156)
	at org.junit.jupiter.engine.extension.TimeoutExtension.interceptTestableMethod(TimeoutExtension.java:147)
	at org.junit.jupiter.engine.extension.TimeoutExtension.interceptTestMethod(TimeoutExtension.java:86)
	at org.junit.jupiter.engine.execution.InterceptingExecutableInvoker$ReflectiveInterceptorCall.lambda$ofVoidMethod$0(InterceptingExecutableInvoker.java:103)
	at org.junit.jupiter.engine.execution.InterceptingExecutableInvoker.lambda$invoke$0(InterceptingExecutableInvoker.java:93)
	at org.junit.jupiter.engine.execution.InvocationInterceptorChain$InterceptedInvocation.proceed(InvocationInterceptorChain.java:106)
	at org.junit.jupiter.engine.execution.InvocationInterceptorChain.proceed(InvocationInterceptorChain.java:64)
	at org.junit.jupiter.engine.execution.InvocationInterceptorChain.chainAndInvoke(InvocationInterceptorChain.java:45)
	at org.junit.jupiter.engine.execution.InvocationInterceptorChain.invoke(InvocationInterceptorChain.java:37)
	at org.junit.jupiter.engine.execution.InterceptingExecutableInvoker.invoke(InterceptingExecutableInvoker.java:92)
	at org.junit.jupiter.engine.execution.InterceptingExecutableInvoker.invoke(InterceptingExecutableInvoker.java:86)
	at org.junit.jupiter.engine.descriptor.TestMethodTestDescriptor.lambda$invokeTestMethod$8(TestMethodTestDescriptor.java:217)
	at org.junit.platform.engine.support.hierarchical.ThrowableCollector.execute(ThrowableCollector.java:73)
	at org.junit.jupiter.engine.descriptor.TestMethodTestDescriptor.invokeTestMethod(TestMethodTestDescriptor.java:213)
	at org.junit.jupiter.engine.descriptor.TestMethodTestDescriptor.execute(TestMethodTestDescriptor.java:138)
	at org.junit.jupiter.engine.descriptor.TestMethodTestDescriptor.execute(TestMethodTestDescriptor.java:68)
	at org.junit.platform.engine.support.hierarchical.NodeTestTask.lambda$executeRecursively$6(NodeTestTask.java:156)
	at org.junit.platform.engine.support.hierarchical.ThrowableCollector.execute(ThrowableCollector.java:73)
	at org.junit.platform.engine.support.hierarchical.NodeTestTask.lambda$executeRecursively$8(NodeTestTask.java:146)
	at org.junit.platform.engine.support.hierarchical.Node.around(Node.java:137)
	at org.junit.platform.engine.support.hierarchical.NodeTestTask.lambda$executeRecursively$9(NodeTestTask.java:144)
	at org.junit.platform.engine.support.hierarchical.ThrowableCollector.execute(ThrowableCollector.java:73)
	at org.junit.platform.engine.support.hierarchical.NodeTestTask.executeRecursively(NodeTestTask.java:143)
	at org.junit.platform.engine.support.hierarchical.NodeTestTask.execute(NodeTestTask.java:100)
	at java.base/java.util.ArrayList.forEach(ArrayList.java:1604)
	at org.junit.platform.engine.support.hierarchical.SameThreadHierarchicalTestExecutorService.invokeAll(SameThreadHierarchicalTestExecutorService.java:41)
	at org.junit.platform.engine.support.hierarchical.NodeTestTask.lambda$executeRecursively$6(NodeTestTask.java:160)
	at org.junit.platform.engine.support.hierarchical.ThrowableCollector.execute(ThrowableCollector.java:73)
	at org.junit.platform.engine.support.hierarchical.NodeTestTask.lambda$executeRecursively$8(NodeTestTask.java:146)
	at org.junit.platform.engine.support.hierarchical.Node.around(Node.java:137)
	at org.junit.platform.engine.support.hierarchical.NodeTestTask.lambda$executeRecursively$9(NodeTestTask.java:144)
	at org.junit.platform.engine.support.hierarchical.ThrowableCollector.execute(ThrowableCollector.java:73)
	at org.junit.platform.engine.support.hierarchical.NodeTestTask.executeRecursively(NodeTestTask.java:143)
	at org.junit.platform.engine.support.hierarchical.NodeTestTask.execute(NodeTestTask.java:100)
	at java.base/java.util.ArrayList.forEach(ArrayList.java:1604)
	at org.junit.platform.engine.support.hierarchical.SameThreadHierarchicalTestExecutorService.invokeAll(SameThreadHierarchicalTestExecutorService.java:41)
	at org.junit.platform.engine.support.hierarchical.NodeTestTask.lambda$executeRecursively$6(NodeTestTask.java:160)
	at org.junit.platform.engine.support.hierarchical.ThrowableCollector.execute(ThrowableCollector.java:73)
	at org.junit.platform.engine.support.hierarchical.NodeTestTask.lambda$executeRecursively$8(NodeTestTask.java:146)
	at org.junit.platform.engine.support.hierarchical.Node.around(Node.java:137)
	at org.junit.platform.engine.support.hierarchical.NodeTestTask.lambda$executeRecursively$9(NodeTestTask.java:144)
	at org.junit.platform.engine.support.hierarchical.ThrowableCollector.execute(ThrowableCollector.java:73)
	at org.junit.platform.engine.support.hierarchical.NodeTestTask.executeRecursively(NodeTestTask.java:143)
	at org.junit.platform.engine.support.hierarchical.NodeTestTask.execute(NodeTestTask.java:100)
	at org.junit.platform.engine.support.hierarchical.SameThreadHierarchicalTestExecutorService.submit(SameThreadHierarchicalTestExecutorService.java:35)
	at org.junit.platform.engine.support.hierarchical.HierarchicalTestExecutor.execute(HierarchicalTestExecutor.java:57)
	at org.junit.platform.engine.support.hierarchical.HierarchicalTestEngine.execute(HierarchicalTestEngine.java:54)
	at org.junit.platform.launcher.core.EngineExecutionOrchestrator.execute(EngineExecutionOrchestrator.java:198)
	at org.junit.platform.launcher.core.EngineExecutionOrchestrator.execute(EngineExecutionOrchestrator.java:169)
	at org.junit.platform.launcher.core.EngineExecutionOrchestrator.execute(EngineExecutionOrchestrator.java:93)
	at org.junit.platform.launcher.core.EngineExecutionOrchestrator.lambda$execute$0(EngineExecutionOrchestrator.java:58)
	at org.junit.platform.launcher.core.EngineExecutionOrchestrator.withInterceptedStreams(EngineExecutionOrchestrator.java:141)
	at org.junit.platform.launcher.core.EngineExecutionOrchestrator.execute(EngineExecutionOrchestrator.java:57)
	at org.junit.platform.launcher.core.DefaultLauncher.execute(DefaultLauncher.java:103)
	at org.junit.platform.launcher.core.DefaultLauncher.execute(DefaultLauncher.java:85)
	at org.junit.platform.launcher.core.DelegatingLauncher.execute(DelegatingLauncher.java:47)
	at org.gradle.api.internal.tasks.testing.junitplatform.JUnitPlatformTestDefinitionProcessor$CollectThenExecuteTestDefinitionConsumer.processAllTestDefinitions(JUnitPlatformTestDefinitionProcessor.java:206)
	at org.gradle.api.internal.tasks.testing.junitplatform.JUnitPlatformTestDefinitionProcessor$CollectThenExecuteTestDefinitionConsumer.access$000(JUnitPlatformTestDefinitionProcessor.java:123)
	at org.gradle.api.internal.tasks.testing.junitplatform.JUnitPlatformTestDefinitionProcessor.stop(JUnitPlatformTestDefinitionProcessor.java:117)
	at org.gradle.api.internal.tasks.testing.SuiteTestDefinitionProcessor.stop(SuiteTestDefinitionProcessor.java:63)
	at java.base/jdk.internal.reflect.DirectMethodHandleAccessor.invoke(DirectMethodHandleAccessor.java:104)
	at java.base/java.lang.reflect.Method.invoke(Method.java:565)
	at org.gradle.internal.dispatch.MethodInvocation.invokeOn(MethodInvocation.java:77)
	at org.gradle.internal.dispatch.ReflectionDispatch.dispatch(ReflectionDispatch.java:28)
	at org.gradle.internal.dispatch.ReflectionDispatch.dispatch(ReflectionDispatch.java:19)
	at org.gradle.internal.dispatch.ContextClassLoaderDispatch.dispatch(ContextClassLoaderDispatch.java:33)
	at org.gradle.internal.dispatch.ProxyDispatchAdapter$DispatchingInvocationHandler.invoke(ProxyDispatchAdapter.java:88)
	at jdk.proxy1/jdk.proxy1.$Proxy4.stop(Unknown Source)
	at org.gradle.api.internal.tasks.testing.worker.TestWorker$3.run(TestWorker.java:195)
	at org.gradle.api.internal.tasks.testing.worker.TestWorker.executeAndMaintainThreadName(TestWorker.java:126)
	at org.gradle.api.internal.tasks.testing.worker.TestWorker.execute(TestWorker.java:103)
	at org.gradle.api.internal.tasks.testing.worker.TestWorker.execute(TestWorker.java:63)
	at org.gradle.process.internal.worker.child.ActionExecutionWorker.execute(ActionExecutionWorker.java:56)
	at org.gradle.process.internal.worker.child.SystemApplicationClassLoaderWorker.call(SystemApplicationClassLoaderWorker.java:122)
	at org.gradle.process.internal.worker.child.SystemApplicationClassLoaderWorker.call(SystemApplicationClassLoaderWorker.java:72)
	at worker.org.gradle.process.internal.worker.GradleWorkerMain.run(GradleWorkerMain.java:69)
	at worker.org.gradle.process.internal.worker.GradleWorkerMain.main(GradleWorkerMain.java:74)
[00:51:31] [Test worker/INFO]: Registered satellite module: mod_primary (priority=10)
[00:51:31] [Test worker/INFO]: Registered satellite module: mod_secondary (priority=5)
[00:51:31] [Test worker/INFO]: Firing lifecycle stage: REGISTRY
[00:51:31] [Test worker/INFO]: Firing lifecycle stage: COMMON_SETUP
[00:51:31] [Test worker/INFO]: Firing lifecycle stage: CLIENT_SETUP
[00:51:31] [Test worker/INFO]: Firing lifecycle stage: SERVER_STARTING
[00:51:31] [Test worker/INFO]: Registered satellite module: test_id (priority=0)
[00:51:31] [Test worker/INFO]: Registered satellite module: satellite_alpha (priority=10)
[00:51:31] [Test worker/WARN]: Overwriting or replacing previously registered satellite module: satellite_alpha
[00:51:31] [Test worker/INFO]: Registered satellite module: satellite_alpha (priority=99)
[00:51:31] [Test worker/INFO]: Registered satellite module: worldgen (priority=10)
[00:51:31] [Test worker/WARN]: Overwriting or replacing previously registered satellite module: worldgen
[00:51:31] [Test worker/INFO]: Registered satellite module: worldgen (priority=10)
[00:51:31] [Test worker/INFO]: Registered satellite module: ecology (priority=5)
[00:51:31] [Test worker/WARN]: Overwriting or replacing previously registered satellite module: ecology
[00:51:31] [Test worker/INFO]: Registered satellite module: ecology (priority=5)
[00:51:31] [Test worker/INFO]: Registered satellite module: starmap (priority=0)
[00:51:31] [Test worker/WARN]: Overwriting or replacing previously registered satellite module: starmap
[00:51:31] [Test worker/INFO]: Registered satellite module: starmap (priority=0)
[00:51:31] [Test worker/INFO]: WorldGenSatellite: initializing procedural worldgen registration (priority=10).
[00:51:31] [Test worker/INFO]: WorldGenSatellite: registration phase completed successfully.
[00:51:31] [Test worker/INFO]: WorldGenSatellite: common setup running - verifying procedural terrain pipelines.
[00:51:31] [Test worker/INFO]: WorldGenSatellite: server starting - 4 celestial bodies charted in catalog.
[00:51:31] [Test worker/INFO]: EcologySatellite: registering alien ecological behavioral foundations (priority=5).
[00:51:31] [Test worker/INFO]: EcologySatellite: common setup complete. Low-gravity AI and spore dispersal active.
[00:51:31] [Test worker/INFO]: EcologySatellite: server starting hook dispatched.
[00:51:31] [Test worker/INFO]: StarMapSatellite: registering celestial navigation foundations (priority=0).
[00:51:31] [Test worker/INFO]: StarMapSatellite: common setup complete. Celestial navigation satellite active.
[00:51:31] [Test worker/INFO]: Registered satellite module: starmap (priority=0)
[00:51:31] [Test worker/INFO]: Registered satellite module: worldgen (priority=10)
[00:51:31] [Test worker/INFO]: Registered satellite module: ecology (priority=5)
[00:51:31] [Test worker/INFO]: Firing lifecycle stage: REGISTRY
[00:51:31] [Test worker/INFO]: WorldGenSatellite: initializing procedural worldgen registration (priority=10).
[00:51:31] [Test worker/INFO]: WorldGenSatellite: registration phase completed successfully.
[00:51:31] [Test worker/INFO]: EcologySatellite: registering alien ecological behavioral foundations (priority=5).
[00:51:31] [Test worker/INFO]: StarMapSatellite: registering celestial navigation foundations (priority=0).
[00:51:31] [Test worker/INFO]: Firing lifecycle stage: COMMON_SETUP
[00:51:31] [Test worker/INFO]: WorldGenSatellite: common setup running - verifying procedural terrain pipelines.
[00:51:31] [Test worker/INFO]: EcologySatellite: common setup complete. Low-gravity AI and spore dispersal active.
[00:51:31] [Test worker/INFO]: StarMapSatellite: common setup complete. Celestial navigation satellite active.
[00:51:31] [Test worker/INFO]: Firing lifecycle stage: SERVER_STARTING
[00:51:31] [Test worker/INFO]: WorldGenSatellite: server starting - 4 celestial bodies charted in catalog.
[00:51:31] [Test worker/INFO]: EcologySatellite: server starting hook dispatched.
[00:51:31] [Test worker/INFO]: Registering all Stellar Odyssey deferred registries...
[00:51:31] [Test worker/INFO]: Registered satellite module: worldgen (priority=10)
[00:51:31] [Test worker/INFO]: Registered satellite module: ecology (priority=5)
[00:51:31] [Test worker/INFO]: Registered satellite module: starmap (priority=0)
